// Vitest Snapshot v1, https://vitest.dev/guide/snapshot.html

exports[`toJson 1`] = `
{
  "children": [
    {
      "position": {
        "end": {
          "column": 4,
          "line": 4,
          "offset": 34,
        },
        "start": {
          "column": 1,
          "line": 1,
          "offset": 0,
        },
      },
      "type": "yaml",
      "value": "title: 测试
date: 2024-02-01",
    },
    {
      "children": [
        {
          "position": {
            "end": {
              "column": 5,
              "line": 6,
              "offset": 40,
            },
            "start": {
              "column": 3,
              "line": 6,
              "offset": 38,
            },
          },
          "type": "text",
          "value": "标题",
        },
      ],
      "depth": 1,
      "position": {
        "end": {
          "column": 5,
          "line": 6,
          "offset": 40,
        },
        "start": {
          "column": 1,
          "line": 6,
          "offset": 36,
        },
      },
      "type": "heading",
    },
    {
      "children": [
        {
          "position": {
            "end": {
              "column": 3,
              "line": 8,
              "offset": 44,
            },
            "start": {
              "column": 1,
              "line": 8,
              "offset": 42,
            },
          },
          "type": "text",
          "value": "内容",
        },
      ],
      "position": {
        "end": {
          "column": 3,
          "line": 8,
          "offset": 44,
        },
        "start": {
          "column": 1,
          "line": 8,
          "offset": 42,
        },
      },
      "type": "paragraph",
    },
  ],
  "position": {
    "end": {
      "column": 3,
      "line": 8,
      "offset": 44,
    },
    "start": {
      "column": 1,
      "line": 1,
      "offset": 0,
    },
  },
  "type": "root",
}
`;
